FAIL test/unit/modules/post/post/admin/services/post.service.spec.ts (7.576 s)
  PostService
    ΓêÜ should be defined (24 ms)
    getSimpleList
      ΓêÜ should call getList with default pagination (6 ms)
    beforeCreate
      ├ù should modify payload and store relations temp (6 ms)
    afterCreate
      ΓêÜ should sync relations (3 ms)
      ΓêÜ should sync relations with empty arrays if not present (4 ms)
    beforeUpdate
      ΓêÜ should throw BadRequestException if post is not found (8 ms)
      ΓêÜ should return payload if validation passes (3 ms)
    afterUpdate
      ΓêÜ should sync relations (3 ms)
    delete
      ΓêÜ should return false if post not found (3 ms)
      ΓêÜ should verify ownership and soft delete (3 ms)

  ΓùÅ PostService ΓÇ║ beforeCreate ΓÇ║ should modify payload and store relations temp

    expect(received).toBe(expected) // Object.is equality

    Expected: 123n
    Received: 123

      71 |             const result = await (service as any).beforeCreate(data);
      72 |
    > 73 |             expect(result.primary_postcategory_id).toBe(123n);
         |                                                    ^
      74 |             expect(result.group_id).toBe(1n);
      75 |             expect(result.tag_ids).toBeUndefined(); // Should be removed
      76 |             expect((service as any)._temp_tagIds).toEqual([1, 2]);

      at Object.<anonymous> (test/unit/modules/post/post/admin/services/post.service.spec.ts:73:52)

Test Suites: 1 failed, 1 total
Tests:       1 failed, 9 passed, 10 total
Snapshots:   0 total
Time:        8.034 s
Ran all test suites matching /test\\unit\\modules\\post\\post\\admin\\services\\post.service.spec.ts/i.
